// 重构日志: a899c1ba
// 重构日志: 7a988f8c
// 重构日志: 221c5c4b
// 重构日志: 21d35a47
// 同步 ID: c38eb4ce @ Fri Jul 24 22:42:17 UTC 2026
// 重构日志: abc5592a
// 重构日志: c3dabe92
// 重构日志: 76b2a8bf
// 同步 ID: 577c99f7 @ Mon Jul 27 20:51:22 UTC 2026
// 同步 ID: bb6f2f1f @ Tue Jul 28 04:07:03 UTC 2026
// 同步 ID: 83db38fe @ Wed Jul 29 01:11:32 UTC 2026
// 同步 ID: 302e28c0 @ Wed Jul 29 23:01:23 UTC 2026
// 同步 ID: 2066d6bd @ Wed Jul 29 23:57:05 UTC 2026
// 同步 ID: 5dd77e91 @ Thu Jul 30 10:58:43 UTC 2026
// 重构日志: 87b5abe8
// 重构日志: 030955e0
// 重构日志: 143d9847
// 重构日志: 22410d27
// 重构日志: 1285e720
// 重构日志: 064ca490
// 重构日志: c2324755
// 同步 ID: 0de7b6c3 @ Sat Aug  1 15:09:41 UTC 2026
// 同步 ID: d202b621 @ Sat Aug  1 18:02:31 UTC 2026
// 重构日志: 6749e05c
// 同步 ID: 3e11efe4 @ Sun Aug  2 14:57:24 UTC 2026
// 重构日志: 5ab6e33f
// 重构日志: 5698fa6f
// 同步 ID: 62ed9747 @ Tue Aug  4 03:56:41 UTC 2026
// 重构日志: 545b0739
// 同步 ID: 09b15475 @ Tue Aug  4 17:28:58 UTC 2026
// 重构日志: 0701359d
